=== pip install ===

=== strategy stdout (exit 0) ===

══════════════════════════════════════════════════════════════════════════════════
  MWF CONCENTRATION-CAPPED BACKTEST — win_rate × avg_payoff, target-spend sized
  Concentration cap: single winning trade ≤ 51% of net total P&L
  Position sizing  : contracts = ceil($1.00 / entry_price), min 1
══════════════════════════════════════════════════════════════════════════════════
  Data source: Alpaca Markets API
  Tickers: TSLA, AAPL   Option types: CALL, PUT
    Monday    lookback 140d   window 3:00 PM–4:00 PM
    Wednesday lookback 140d   window 3:00 PM–4:00 PM
    Friday    lookback 730d   window 2:00 PM–4:00 PM  (Thu fallback)

  Backtesting TSLA Monday...
  Backtesting TSLA Wednesday...
  Backtesting TSLA Friday...
  Backtesting AAPL Monday...
  Backtesting AAPL Wednesday...
  Backtesting AAPL Friday...
──────────────────────────────────────────────────────────────────────────────────
  TSLA Monday CALLS
──────────────────────────────────────────────────────────────────────────────────
  Optimal schedule    : Buy 3:45 PM  Sell 3:55 PM   (REAL prices)
  Win rate / total P&L: 42.1%  (8/19)   $+1,040.00
  Single-trade share  : 46.2%   (biggest single win $481.00 of total P&L — cap held)

──────────────────────────────────────────────────────────────────────────────────
  TSLA Monday PUTS
──────────────────────────────────────────────────────────────────────────────────
  Optimal schedule    : Buy 3:20 PM  Sell 3:25 PM   (REAL prices)
  Win rate / total P&L: 52.6%  (10/19)   $+332.00
  Single-trade share  : 41.3%   (biggest single win $137.00 of total P&L — cap held)

──────────────────────────────────────────────────────────────────────────────────
  TSLA Wednesday CALLS
──────────────────────────────────────────────────────────────────────────────────
  Optimal schedule    : Buy 3:00 PM  Sell 3:10 PM   (MIXED prices)
  Win rate / total P&L: 65.0%  (13/20)   $+471.49
  Single-trade share  : 49.2%   (biggest single win $232.00 of total P&L — cap held)

──────────────────────────────────────────────────────────────────────────────────
  TSLA Wednesday PUTS
──────────────────────────────────────────────────────────────────────────────────
  Optimal schedule    : Buy 3:20 PM  Sell 3:25 PM   (MIXED prices)
  Win rate / total P&L: 50.0%  (10/20)   $+584.06
  Single-trade share  : 40.1%   (biggest single win $234.00 of total P&L — cap held)

──────────────────────────────────────────────────────────────────────────────────
  TSLA Friday CALLS
──────────────────────────────────────────────────────────────────────────────────
  Optimal schedule    : Buy 3:50 PM  Sell 3:55 PM   (REAL prices)
  Win rate / total P&L: 42.6%  (43/101)   $+4,192.00
  Single-trade share  : 16.1%   (biggest single win $676.00 of total P&L — cap held)

──────────────────────────────────────────────────────────────────────────────────
  TSLA Friday PUTS
──────────────────────────────────────────────────────────────────────────────────
  Optimal schedule    : Buy 2:15 PM  Sell 3:30 PM   (REAL prices)
  Win rate / total P&L: 46.5%  (47/101)   $+3,020.00
  Single-trade share  : 24.7%   (biggest single win $745.00 of total P&L — cap held)

──────────────────────────────────────────────────────────────────────────────────
  AAPL Monday CALLS
──────────────────────────────────────────────────────────────────────────────────
  Optimal schedule    : Buy 3:30 PM  Sell 3:35 PM   (REAL prices)
  Win rate / total P&L: 36.8%  (7/19)   $+201.00
  Single-trade share  : 49.8%   (biggest single win $100.00 of total P&L — cap held)

──────────────────────────────────────────────────────────────────────────────────
  AAPL Monday PUTS
──────────────────────────────────────────────────────────────────────────────────
  Optimal schedule    : Buy 3:05 PM  Sell 3:35 PM   (REAL prices)
  Win rate / total P&L: 57.9%  (11/19)   $+1,102.00
  Single-trade share  : 42.8%   (biggest single win $472.00 of total P&L — cap held)

──────────────────────────────────────────────────────────────────────────────────
  AAPL Wednesday CALLS
──────────────────────────────────────────────────────────────────────────────────
  Optimal schedule    : Buy 3:45 PM  Sell 3:55 PM   (REAL prices)
  Win rate / total P&L: 65.0%  (13/20)   $+2,470.00
  Single-trade share  : 46.6%   (biggest single win $1,150.00 of total P&L — cap held)

──────────────────────────────────────────────────────────────────────────────────
  AAPL Wednesday PUTS
──────────────────────────────────────────────────────────────────────────────────
  Optimal schedule    : Buy 3:15 PM  Sell 3:45 PM   (REAL prices)
  Win rate / total P&L: 60.0%  (12/20)   $+899.00
  Single-trade share  : 43.7%   (biggest single win $393.00 of total P&L — cap held)

──────────────────────────────────────────────────────────────────────────────────
  AAPL Friday CALLS
──────────────────────────────────────────────────────────────────────────────────
  Optimal schedule    : Buy 3:40 PM  Sell 3:55 PM   (REAL prices)
  Win rate / total P&L: 36.6%  (37/101)   $+4,323.00
  Single-trade share  : 19.1%   (biggest single win $825.00 of total P&L — cap held)

──────────────────────────────────────────────────────────────────────────────────
  AAPL Friday PUTS
──────────────────────────────────────────────────────────────────────────────────
  Optimal schedule    : Buy 3:15 PM  Sell 3:40 PM   (REAL prices)
  Win rate / total P&L: 39.6%  (40/101)   $+1,154.00
  Single-trade share  : 38.1%   (biggest single win $440.00 of total P&L — cap held)


================================================================
  STRATEGY SUMMARY — MWF concentration-capped schedules
================================================================
  Concentration cap : single win ≤ 51% of net total P&L
  Data source       : MIXED real + Black-Scholes sim
  Trades            : 560
  Win rate          : 44.8%
  Total P&L         : $19,788.55
  Avg / trade       : $35.34
  Max drawdown      : $-1,410.00
  AAPL|Friday|calls     : buy 3:40 PM sell 3:55 PM  win 37%  $4,323  (top-win share 19%)
  AAPL|Friday|puts      : buy 3:15 PM sell 3:40 PM  win 40%  $1,154  (top-win share 38%)
  AAPL|Monday|calls     : buy 3:30 PM sell 3:35 PM  win 37%  $201  (top-win share 50%)
  AAPL|Monday|puts      : buy 3:05 PM sell 3:35 PM  win 58%  $1,102  (top-win share 43%)
  AAPL|Wednesday|calls  : buy 3:45 PM sell 3:55 PM  win 65%  $2,470  (top-win share 47%)
  AAPL|Wednesday|puts   : buy 3:15 PM sell 3:45 PM  win 60%  $899  (top-win share 44%)
  TSLA|Friday|calls     : buy 3:50 PM sell 3:55 PM  win 43%  $4,192  (top-win share 16%)
  TSLA|Friday|puts      : buy 2:15 PM sell 3:30 PM  win 47%  $3,020  (top-win share 25%)
  TSLA|Monday|calls     : buy 3:45 PM sell 3:55 PM  win 42%  $1,040  (top-win share 46%)
  TSLA|Monday|puts      : buy 3:20 PM sell 3:25 PM  win 53%  $332  (top-win share 41%)
  TSLA|Wednesday|calls  : buy 3:00 PM sell 3:10 PM  win 65%  $471  (top-win share 49%)
  TSLA|Wednesday|puts   : buy 3:20 PM sell 3:25 PM  win 50%  $584  (top-win share 40%)
================================================================

===STRATEGY_SUMMARY_JSON===
{"status": "ok", "strategy": "mwf-concentration-capped", "tickers": ["TSLA", "AAPL"], "days": ["Monday", "Wednesday", "Friday"], "option_types": ["calls", "puts"], "ranking_metric": "win_rate x avg_payoff (max expected profit)", "max_single_trade_share": 0.51, "target_spend": 1.0, "eligibility": "net_total_pnl > 0 AND largest_single_win / net_total_pnl <= max_single_trade_share", "n_trades": 560, "win_rate": 0.4482, "total_pnl": 19788.55, "avg_pnl": 35.34, "best_trade": 1150.0, "worst_trade": -305.0, "max_drawdown": -1410.0, "sharpe": 0.235, "data_source": "MIXED real + Black-Scholes sim", "combos": {"TSLA|Monday|calls": {"chosen": true, "entry_time": "3:45 PM", "exit_time": "3:55 PM", "lookback_days": 140, "n_trades": 19, "wins": 8, "win_rate": 0.4211, "total_pnl": 1040.0, "avg_pnl": 54.74, "best_day": 481.0, "worst_day": -160.0, "largest_win": 481.0, "single_trade_share": 0.4625, "premium_spent": 3329.0, "return_on_spend": 0.3124, "n_skipped": 1, "data_source": "REAL Alpaca option bars"}, "TSLA|Monday|puts": {"chosen": true, "entry_time": "3:20 PM", "exit_time": "3:25 PM", "lookback_days": 140, "n_trades": 19, "wins": 10, "win_rate": 0.5263, "total_pnl": 332.0, "avg_pnl": 17.47, "best_day": 137.0, "worst_day": -67.0, "largest_win": 137.0, "single_trade_share": 0.4127, "premium_spent": 2719.0, "return_on_spend": 0.1221, "n_skipped": 1, "data_source": "REAL Alpaca option bars"}, "TSLA|Wednesday|calls": {"chosen": true, "entry_time": "3:00 PM", "exit_time": "3:10 PM", "lookback_days": 140, "n_trades": 20, "wins": 13, "win_rate": 0.65, "total_pnl": 471.49, "avg_pnl": 23.57, "best_day": 232.0, "worst_day": -86.0, "largest_win": 232.0, "single_trade_share": 0.4921, "premium_spent": 2809.92, "return_on_spend": 0.1678, "n_skipped": 0, "data_source": "MIXED real + Black-Scholes sim"}, "TSLA|Wednesday|puts": {"chosen": true, "entry_time": "3:20 PM", "exit_time": "3:25 PM", "lookback_days": 140, "n_trades": 20, "wins": 10, "win_rate": 0.5, "total_pnl": 584.06, "avg_pnl": 29.2, "best_day": 234.0, "worst_day": -66.0, "largest_win": 234.0, "single_trade_share": 0.4006, "premium_spent": 3092.47, "return_on_spend": 0.1889, "n_skipped": 0, "data_source": "MIXED real + Black-Scholes sim"}, "TSLA|Friday|calls": {"chosen": true, "entry_time": "3:50 PM", "exit_time": "3:55 PM", "lookback_days": 730, "n_trades": 101, "wins": 43, "win_rate": 0.4257, "total_pnl": 4192.0, "avg_pnl": 41.5, "best_day": 676.0, "worst_day": -305.0, "largest_win": 676.0, "single_trade_share": 0.1613, "premium_spent": 17325.0, "return_on_spend": 0.242, "n_skipped": 3, "data_source": "REAL Alpaca option bars"}, "TSLA|Friday|puts": {"chosen": true, "entry_time": "2:15 PM", "exit_time": "3:30 PM", "lookback_days": 730, "n_trades": 101, "wins": 47, "win_rate": 0.4653, "total_pnl": 3020.0, "avg_pnl": 29.9, "best_day": 745.0, "worst_day": -195.0, "largest_win": 745.0, "single_trade_share": 0.2467, "premium_spent": 17765.0, "return_on_spend": 0.17, "n_skipped": 3, "data_source": "REAL Alpaca option bars"}, "AAPL|Monday|calls": {"chosen": true, "entry_time": "3:30 PM", "exit_time": "3:35 PM", "lookback_days": 140, "n_trades": 19, "wins": 7, "win_rate": 0.3684, "total_pnl": 201.0, "avg_pnl": 10.58, "best_day": 100.0, "worst_day": -66.0, "largest_win": 100.0, "single_trade_share": 0.4975, "premium_spent": 2141.0, "return_on_spend": 0.0939, "n_skipped": 1, "data_source": "REAL Alpaca option bars"}, "AAPL|Monday|puts": {"chosen": true, "entry_time": "3:05 PM", "exit_time": "3:35 PM", "lookback_days": 140, "n_trades": 19, "wins": 11, "win_rate": 0.5789, "total_pnl": 1102.0, "avg_pnl": 58.0, "best_day": 472.0, "worst_day": -102.0, "largest_win": 472.0, "single_trade_share": 0.4283, "premium_spent": 2404.0, "return_on_spend": 0.4584, "n_skipped": 1, "data_source": "REAL Alpaca option bars"}, "AAPL|Wednesday|calls": {"chosen": true, "entry_time": "3:45 PM", "exit_time": "3:55 PM", "lookback_days": 140, "n_trades": 20, "wins": 13, "win_rate": 0.65, "total_pnl": 2470.0, "avg_pnl": 123.5, "best_day": 1150.0, "worst_day": -116.0, "largest_win": 1150.0, "single_trade_share": 0.4656, "premium_spent": 2357.0, "return_on_spend": 1.0479, "n_skipped": 0, "data_source": "REAL Alpaca option bars"}, "AAPL|Wednesday|puts": {"chosen": true, "entry_time": "3:15 PM", "exit_time": "3:45 PM", "lookback_days": 140, "n_trades": 20, "wins": 12, "win_rate": 0.6, "total_pnl": 899.0, "avg_pnl": 44.95, "best_day": 393.0, "worst_day": -100.0, "largest_win": 393.0, "single_trade_share": 0.4372, "premium_spent": 2330.0, "return_on_spend": 0.3858, "n_skipped": 0, "data_source": "REAL Alpaca option bars"}, "AAPL|Friday|calls": {"chosen": true, "entry_time": "3:40 PM", "exit_time": "3:55 PM", "lookback_days": 730, "n_trades": 101, "wins": 37, "win_rate": 0.3663, "total_pnl": 4323.0, "avg_pnl": 42.8, "best_day": 825.0, "worst_day": -230.0, "largest_win": 825.0, "single_trade_share": 0.1908, "premium_spent": 12712.0, "return_on_spend": 0.3401, "n_skipped": 3, "data_source": "REAL Alpaca option bars"}, "AAPL|Friday|puts": {"chosen": true, "entry_time": "3:15 PM", "exit_time": "3:40 PM", "lookback_days": 730, "n_trades": 101, "wins": 40, "win_rate": 0.396, "total_pnl": 1154.0, "avg_pnl": 11.43, "best_day": 440.0, "worst_day": -100.0, "largest_win": 440.0, "single_trade_share": 0.3813, "premium_spent": 13129.0, "return_on_spend": 0.0879, "n_skipped": 3, "data_source": "REAL Alpaca option bars"}}, "generated_at": "2026-07-18T00:16:13.064591+00:00"}
===END_SUMMARY===

=== strategy stderr ===

